led_traffic.h:4:6:led_1	16	static
led_traffic.h:89:6:led_2	16	static
traffic_light.h:6:6:red_1	8	static
traffic_light.h:12:6:green_1	8	static
traffic_light.h:18:6:yellow_1	8	static
traffic_light.h:24:6:red_2	8	static
traffic_light.h:30:6:green_2	8	static
traffic_light.h:36:6:yellow_2	8	static
main.c:71:6:update_lane_1	16	static
main.c:87:6:update_lane_2	16	static
main.c:103:5:main	8	static
main.c:152:6:SystemClock_Config	72	static
main.c:188:13:MX_GPIO_Init	32	static
main.c:238:6:Error_Handler	4	static,ignoring_inline_asm
